// Jest Snapshot v1, https://goo.gl/fbAQLP

exports[`SSR exports only locals 1`] = `
Array [
  Object {
    "test": /\\\\\\.module\\\\\\.css\\$/,
    "use": Array [
      Object {
        "loader": "css-customs-loader/index.js",
        "options": Object {
          "onlyLocals": true,
        },
      },
      Object {
        "loader": "css-loader/locals",
        "options": Object {},
      },
    ],
  },
  Object {
    "test": /\\\\\\.css\\$/,
    "use": Array [
      Object {
        "loader": "css-customs-loader/index.js",
        "options": Object {
          "onlyLocals": true,
        },
      },
      Object {
        "loader": "css-loader/locals",
        "options": Object {},
      },
    ],
  },
]
`;

exports[`applies the loader 1`] = `
Array [
  Object {
    "test": /\\\\\\.module\\\\\\.css\\$/,
    "use": Array [
      Object {
        "loader": "mini-css-extract-loader",
        "options": Object {
          "hmr": false,
        },
      },
      Object {
        "loader": "css-customs-loader/index.js",
        "options": Object {
          "onlyLocals": false,
        },
      },
      Object {
        "loader": "css-loader",
        "options": Object {
          "importLoaders": 1,
          "modules": true,
        },
      },
      Object {
        "loader": "postcss-loader/src/index.js",
        "options": Object {
          "sourceMap": true,
        },
      },
    ],
  },
  Object {
    "test": /\\\\\\.css\\$/,
    "use": Array [
      Object {
        "loader": "mini-css-extract-loader",
        "options": Object {},
      },
      Object {
        "loader": "css-customs-loader/index.js",
        "options": Object {
          "onlyLocals": false,
        },
      },
      Object {
        "loader": "css-loader",
        "options": Object {
          "importLoaders": 1,
        },
      },
      Object {
        "loader": "postcss-loader/src/index.js",
        "options": Object {
          "sourceMap": true,
        },
      },
    ],
  },
  Object {
    "test": /\\\\\\.module\\\\\\.css\\$/,
    "use": Array [
      Object {
        "loader": "style-loader",
        "options": Object {},
      },
      Object {
        "loader": "css-customs-loader/index.js",
        "options": Object {
          "onlyLocals": false,
        },
      },
      Object {
        "loader": "css-loader",
        "options": Object {
          "modules": true,
        },
      },
    ],
  },
  Object {
    "test": /\\\\\\.css\\$/,
    "use": Array [
      Object {
        "loader": "style-loader",
        "options": Object {},
      },
      Object {
        "loader": "css-customs-loader/index.js",
        "options": Object {
          "onlyLocals": false,
        },
      },
      Object {
        "loader": "css-loader",
        "options": Object {},
      },
    ],
  },
]
`;

exports[`composes well with similar plugins 1`] = `
Array [
  Object {
    "test": /\\\\\\.module\\\\\\.css\\$/,
    "use": Array [
      Object {
        "loader": "mini-css-extract-loader",
        "options": Object {
          "hmr": false,
        },
      },
      Object {
        "loader": "css-modules-flow-types-loader/dist/index.js",
        "options": Object {},
      },
      Object {
        "loader": "css-customs-loader/index.js",
        "options": Object {
          "onlyLocals": false,
        },
      },
      Object {
        "loader": "css-loader",
        "options": Object {
          "importLoaders": 1,
          "modules": true,
        },
      },
      Object {
        "loader": "postcss-loader/src/index.js",
        "options": Object {
          "sourceMap": true,
        },
      },
    ],
  },
  Object {
    "test": /\\\\\\.css\\$/,
    "use": Array [
      Object {
        "loader": "mini-css-extract-loader",
        "options": Object {},
      },
      Object {
        "loader": "css-customs-loader/index.js",
        "options": Object {
          "onlyLocals": false,
        },
      },
      Object {
        "loader": "css-loader",
        "options": Object {
          "importLoaders": 1,
        },
      },
      Object {
        "loader": "postcss-loader/src/index.js",
        "options": Object {
          "sourceMap": true,
        },
      },
    ],
  },
  Object {
    "test": /\\\\\\.module\\\\\\.css\\$/,
    "use": Array [
      Object {
        "loader": "style-loader",
        "options": Object {},
      },
      Object {
        "loader": "css-customs-loader/index.js",
        "options": Object {
          "onlyLocals": false,
        },
      },
      Object {
        "loader": "css-loader",
        "options": Object {
          "modules": true,
        },
      },
    ],
  },
  Object {
    "test": /\\\\\\.css\\$/,
    "use": Array [
      Object {
        "loader": "style-loader",
        "options": Object {},
      },
      Object {
        "loader": "css-customs-loader/index.js",
        "options": Object {
          "onlyLocals": false,
        },
      },
      Object {
        "loader": "css-loader",
        "options": Object {},
      },
    ],
  },
]
`;
