// Jest Snapshot v1, https://goo.gl/fbAQLP

exports[`emits an error when css-customs-loader is placed after css-loader 1`] = `
"./fixtures/basic.css
Module build failed (from ../index.js):
Error: css-customs-loader should be added BEFORE css-loader. <CWD>/node_modules/css-loader/dist/cjs.js??ref--4-0!<CWD>/packages/css-customs-loader/index.js!<CWD>/node_modules/postcss-loader/src/index.js!<CWD>/packages/css-customs-loader/test/fixtures/basic.css
    at Object.exports.addBeforeCssLoader (<CWD>/packages/css-customs-loader/lib/errors.js:2:3)
    at Object.addBeforeCssLoader (<CWD>/packages/css-customs-loader/lib/index.js:21:27)"
`;

exports[`emits an error when postcss-loader is missing 1`] = `
"./fixtures/basic.css
Module build failed (from ../index.js):
Error: 
postcss-loader is missing, you need to use it in order for css-customs-loader to work properly.
  
    at Object.<anonymous> (<CWD>/packages/css-customs-loader/lib/errors.js:8:32)
    at Runtime._execModule (<CWD>/node_modules/jest-runtime/build/index.js:1034:22)
    at Runtime._loadModule (<CWD>/node_modules/jest-runtime/build/index.js:678:12)
    at Runtime.requireModule (<CWD>/node_modules/jest-runtime/build/index.js:536:10)
    at Runtime.requireModuleOrMock (<CWD>/node_modules/jest-runtime/build/index.js:699:21)
    at Object.require (<CWD>/packages/css-customs-loader/lib/index.js:9:15)
    at Runtime._execModule (<CWD>/node_modules/jest-runtime/build/index.js:1034:22)
    at Runtime._loadModule (<CWD>/node_modules/jest-runtime/build/index.js:678:12)
    at Runtime.requireModule (<CWD>/node_modules/jest-runtime/build/index.js:536:10)
    at Runtime.requireModuleOrMock (<CWD>/node_modules/jest-runtime/build/index.js:699:21)"
`;

exports[`emits an error when postcss-preset-env is missing 1`] = `
"./fixtures/basic.css
Module build failed (from ../index.js):
Error: 
postcss-preset-env is missing from your plugins, you need to use it in order for css-customs-loader to work properly.
  
    at Object.<anonymous> (<CWD>/packages/css-customs-loader/lib/errors.js:14:35)
    at Runtime._execModule (<CWD>/node_modules/jest-runtime/build/index.js:1034:22)
    at Runtime._loadModule (<CWD>/node_modules/jest-runtime/build/index.js:678:12)
    at Runtime.requireModule (<CWD>/node_modules/jest-runtime/build/index.js:536:10)
    at Runtime.requireModuleOrMock (<CWD>/node_modules/jest-runtime/build/index.js:699:21)
    at Object.require (<CWD>/packages/css-customs-loader/lib/index.js:9:15)
    at Runtime._execModule (<CWD>/node_modules/jest-runtime/build/index.js:1034:22)
    at Runtime._loadModule (<CWD>/node_modules/jest-runtime/build/index.js:678:12)
    at Runtime.requireModule (<CWD>/node_modules/jest-runtime/build/index.js:536:10)
    at Runtime.requireModuleOrMock (<CWD>/node_modules/jest-runtime/build/index.js:699:21)"
`;
